MPLINK 5.09, LINKER
Linker Map File - Created Thu Jan 30 10:54:54 2020

                                 Section Info
                  Section       Type    Address   Location Size(Bytes)
                ---------  ---------  ---------  ---------  ---------
                   .org_0       code   0x000000    program   0x00003a
                   .cinit    romdata   0x00001d    program   0x000004
.config_2007_BUILD/DEFAULT/PRODUCTION/MAIN.O       code   0x002007    program   0x000002
.config_2008_BUILD/DEFAULT/PRODUCTION/MAIN.O       code   0x002008    program   0x000002



                              Program Memory Usage 
                               Start         End      
                           ---------   ---------      
                            0x000000    0x00001e      
                            0x002007    0x002008      
            33 out of 4359 program addresses used, program memory utilization is 0%



                              Symbols - Sorted by Name
                     Name    Address   Location    Storage File                     
                ---------  ---------  ---------  --------- ---------                
                     INIT   0x000000    program     static /home/naoki/MPLABXProjects/LED.X/main.asm
                    LOOP1   0x000019    program     static /home/naoki/MPLABXProjects/LED.X/main.asm
                    LOOP2   0x000013    program     static /home/naoki/MPLABXProjects/LED.X/main.asm
                    LOOP3   0x00000d    program     static /home/naoki/MPLABXProjects/LED.X/main.asm
                MAIN_LOOP   0x000005    program     static /home/naoki/MPLABXProjects/LED.X/main.asm
                   TIMER1   0x000017    program     static /home/naoki/MPLABXProjects/LED.X/main.asm
                   TIMER2   0x000011    program     static /home/naoki/MPLABXProjects/LED.X/main.asm
                   TIMER3   0x00000b    program     static /home/naoki/MPLABXProjects/LED.X/main.asm



                              Symbols - Sorted by Address
                     Name    Address   Location    Storage File                     
                ---------  ---------  ---------  --------- ---------                
                     INIT   0x000000    program     static /home/naoki/MPLABXProjects/LED.X/main.asm
                MAIN_LOOP   0x000005    program     static /home/naoki/MPLABXProjects/LED.X/main.asm
                   TIMER3   0x00000b    program     static /home/naoki/MPLABXProjects/LED.X/main.asm
                    LOOP3   0x00000d    program     static /home/naoki/MPLABXProjects/LED.X/main.asm
                   TIMER2   0x000011    program     static /home/naoki/MPLABXProjects/LED.X/main.asm
                    LOOP2   0x000013    program     static /home/naoki/MPLABXProjects/LED.X/main.asm
                   TIMER1   0x000017    program     static /home/naoki/MPLABXProjects/LED.X/main.asm
                    LOOP1   0x000019    program     static /home/naoki/MPLABXProjects/LED.X/main.asm


